// Jest Snapshot v1, https://goo.gl/fbAQLP

exports[`renders without crashing 1`] = `
"<inject-App-with-categoryStore categoryStore={{...}}>
  <App categoryStore={{...}}>
    <BrowserRouter>
      <Router history={{...}}>
        <div>
          <ul />
          <Route path=\\"/:categoryId\\" component={[Function: Injector]} />
        </div>
      </Router>
    </BrowserRouter>
  </App>
</inject-App-with-categoryStore>"
`;
